2026-07-12 19:59:57 - __main__ - INFO - Logging is set up successfully.
2026-07-12 19:59:57 - __main__ - WARNING - This is a warning message.
2026-07-12 19:59:57 - __main__ - ERROR - This is an error message.
2026-07-12 19:59:57 - __main__ - CRITICAL - This is a critical message.
2026-07-12 20:00:43,812 - __main__ - INFO - Logging is set up successfully.
2026-07-12 20:00:43,812 - __main__ - WARNING - This is a warning message.
2026-07-12 20:00:43,812 - __main__ - ERROR - This is an error message.
2026-07-12 20:00:43,813 - __main__ - CRITICAL - This is a critical message.
2026-07-12 20:28:19,653 - __main__ - INFO - Logging is set up successfully.
2026-07-12 20:28:19,654 - __main__ - WARNING - This is a warning message.
2026-07-12 20:28:19,654 - __main__ - ERROR - This is an error message.
2026-07-12 20:28:19,655 - __main__ - CRITICAL - This is a critical message.
2026-07-12 20:28:19,655 - __main__ - ERROR - An exception occurred: division by zero
Traceback (most recent call last):
  File "/home/abhishek/projects/python_prep/my_logging.py", line 24, in <module>
    1 / 0
    ~~^~~
ZeroDivisionError: division by zero
2026-07-12 20:37:32,014 - __main__ - CRITICAL - This is a critical message.
2026-07-12 20:37:32,014 - __main__ - INFO - Logging is set up successfully.
2026-07-12 20:37:32,015 - __main__ - WARNING - This is a warning message.
2026-07-12 20:37:32,015 - __main__ - ERROR - This is an error message.
2026-07-12 20:37:32,015 - __main__ - CRITICAL - This is a critical message.
2026-07-12 20:53:38,940 - __main__ - CRITICAL - This is a critical message.
2026-07-12 20:53:38,941 - __main__ - CRITICAL - This is a critical message.
